App.tsx(27,13): error TS2769: No overload matches this call.
  Overload 1 of 2, '(props: ViewProps): View', gave the following error.
    Type '{ children: Element[]; className: string; }' is not assignable to type 'IntrinsicAttributes & IntrinsicClassAttributes<View> & Readonly<ViewProps>'.
      Property 'className' does not exist on type 'IntrinsicAttributes & IntrinsicClassAttributes<View> & Readonly<ViewProps>'.
  Overload 2 of 2, '(props: ViewProps, context: any): View', gave the following error.
    Type '{ children: Element[]; className: string; }' is not assignable to type 'IntrinsicAttributes & IntrinsicClassAttributes<View> & Readonly<ViewProps>'.
      Property 'className' does not exist on type 'IntrinsicAttributes & IntrinsicClassAttributes<View> & Readonly<ViewProps>'.
App.tsx(30,11): error TS2322: Type '{ children: Element; onPress: () => void; className: string; }' is not assignable to type 'IntrinsicAttributes & TouchableOpacityProps & RefAttributes<View>'.
  Property 'className' does not exist on type 'IntrinsicAttributes & TouchableOpacityProps & RefAttributes<View>'.
App.tsx(32,17): error TS2769: No overload matches this call.
  Overload 1 of 2, '(props: TextProps): Text', gave the following error.
    Type '{ children: string; className: string; }' is not assignable to type 'IntrinsicAttributes & IntrinsicClassAttributes<Text> & Readonly<TextProps>'.
      Property 'className' does not exist on type 'IntrinsicAttributes & IntrinsicClassAttributes<Text> & Readonly<TextProps>'.
  Overload 2 of 2, '(props: TextProps, context: any): Text', gave the following error.
    Type '{ children: string; className: string; }' is not assignable to type 'IntrinsicAttributes & IntrinsicClassAttributes<Text> & Readonly<TextProps>'.
      Property 'className' does not exist on type 'IntrinsicAttributes & IntrinsicClassAttributes<Text> & Readonly<TextProps>'.
App.tsx(36,11): error TS2322: Type '{ children: Element; onPress: () => void; className: string; }' is not assignable to type 'IntrinsicAttributes & TouchableOpacityProps & RefAttributes<View>'.
  Property 'className' does not exist on type 'IntrinsicAttributes & TouchableOpacityProps & RefAttributes<View>'.
App.tsx(38,17): error TS2769: No overload matches this call.
  Overload 1 of 2, '(props: TextProps): Text', gave the following error.
    Type '{ children: string; className: string; }' is not assignable to type 'IntrinsicAttributes & IntrinsicClassAttributes<Text> & Readonly<TextProps>'.
      Property 'className' does not exist on type 'IntrinsicAttributes & IntrinsicClassAttributes<Text> & Readonly<TextProps>'.
  Overload 2 of 2, '(props: TextProps, context: any): Text', gave the following error.
    Type '{ children: string; className: string; }' is not assignable to type 'IntrinsicAttributes & IntrinsicClassAttributes<Text> & Readonly<TextProps>'.
      Property 'className' does not exist on type 'IntrinsicAttributes & IntrinsicClassAttributes<Text> & Readonly<TextProps>'.
App.tsx(40,50): error TS2322: Type '{ children: Element; onPress: () => void; className: string; }' is not assignable to type 'IntrinsicAttributes & TouchableOpacityProps & RefAttributes<View>'.
  Property 'className' does not exist on type 'IntrinsicAttributes & TouchableOpacityProps & RefAttributes<View>'.
App.tsx(41,17): error TS2769: No overload matches this call.
  Overload 1 of 2, '(props: TextProps): Text', gave the following error.
    Type '{ children: string; className: string; }' is not assignable to type 'IntrinsicAttributes & IntrinsicClassAttributes<Text> & Readonly<TextProps>'.
      Property 'className' does not exist on type 'IntrinsicAttributes & IntrinsicClassAttributes<Text> & Readonly<TextProps>'.
  Overload 2 of 2, '(props: TextProps, context: any): Text', gave the following error.
    Type '{ children: string; className: string; }' is not assignable to type 'IntrinsicAttributes & IntrinsicClassAttributes<Text> & Readonly<TextProps>'.
      Property 'className' does not exist on type 'IntrinsicAttributes & IntrinsicClassAttributes<Text> & Readonly<TextProps>'.
src/screens/FacultyDashboard.tsx(7,21): error TS2769: No overload matches this call.
  Overload 1 of 2, '(props: ScrollViewProps): ScrollView', gave the following error.
    Type '{ children: Element[]; className: string; contentContainerStyle: { padding: number; paddingBottom: number; }; }' is not assignable to type 'IntrinsicAttributes & IntrinsicClassAttributes<ScrollView> & Readonly<ScrollViewProps>'.
      Property 'className' does not exist on type 'IntrinsicAttributes & IntrinsicClassAttributes<ScrollView> & Readonly<ScrollViewProps>'.
  Overload 2 of 2, '(props: ScrollViewProps, context: any): ScrollView', gave the following error.
    Type '{ children: Element[]; className: string; contentContainerStyle: { padding: number; paddingBottom: number; }; }' is not assignable to type 'IntrinsicAttributes & IntrinsicClassAttributes<ScrollView> & Readonly<ScrollViewProps>'.
      Property 'className' does not exist on type 'IntrinsicAttributes & IntrinsicClassAttributes<ScrollView> & Readonly<ScrollViewProps>'.
src/screens/FacultyDashboard.tsx(9,19): error TS2769: No overload matches this call.
  Overload 1 of 2, '(props: ViewProps): View', gave the following error.
    Type '{ children: Element[]; className: string; }' is not assignable to type 'IntrinsicAttributes & IntrinsicClassAttributes<View> & Readonly<ViewProps>'.
      Property 'className' does not exist on type 'IntrinsicAttributes & IntrinsicClassAttributes<View> & Readonly<ViewProps>'.
  Overload 2 of 2, '(props: ViewProps, context: any): View', gave the following error.
    Type '{ children: Element[]; className: string; }' is not assignable to type 'IntrinsicAttributes & IntrinsicClassAttributes<View> & Readonly<ViewProps>'.
      Property 'className' does not exist on type 'IntrinsicAttributes & IntrinsicClassAttributes<View> & Readonly<ViewProps>'.
src/screens/FacultyDashboard.tsx(10,35): error TS2322: Type '{ children: Element; className: string; }' is not assignable to type 'IntrinsicAttributes & TouchableOpacityProps & RefAttributes<View>'.
  Property 'className' does not exist on type 'IntrinsicAttributes & TouchableOpacityProps & RefAttributes<View>'.
src/screens/FacultyDashboard.tsx(13,23): error TS2769: No overload matches this call.
  Overload 1 of 2, '(props: ViewProps): View', gave the following error.
    Type '{ children: Element[]; className: string; }' is not assignable to type 'IntrinsicAttributes & IntrinsicClassAttributes<View> & Readonly<ViewProps>'.
      Property 'className' does not exist on type 'IntrinsicAttributes & IntrinsicClassAttributes<View> & Readonly<ViewProps>'.
  Overload 2 of 2, '(props: ViewProps, context: any): View', gave the following error.
    Type '{ children: Element[]; className: string; }' is not assignable to type 'IntrinsicAttributes & IntrinsicClassAttributes<View> & Readonly<ViewProps>'.
      Property 'className' does not exist on type 'IntrinsicAttributes & IntrinsicClassAttributes<View> & Readonly<ViewProps>'.
src/screens/FacultyDashboard.tsx(14,39): error TS2322: Type '{ children: Element; className: string; }' is not assignable to type 'IntrinsicAttributes & TouchableOpacityProps & RefAttributes<View>'.
  Property 'className' does not exist on type 'IntrinsicAttributes & TouchableOpacityProps & RefAttributes<View>'.
src/screens/FacultyDashboard.tsx(17,39): error TS2322: Type '{ children: Element; className: string; }' is not assignable to type 'IntrinsicAttributes & TouchableOpacityProps & RefAttributes<View>'.
  Property 'className' does not exist on type 'IntrinsicAttributes & TouchableOpacityProps & RefAttributes<View>'.
src/screens/FacultyDashboard.tsx(20,39): error TS2322: Type '{ children: Element; className: string; }' is not assignable to type 'IntrinsicAttributes & TouchableOpacityProps & RefAttributes<View>'.
  Property 'className' does not exist on type 'IntrinsicAttributes & TouchableOpacityProps & RefAttributes<View>'.
src/screens/FacultyDashboard.tsx(27,19): error TS2769: No overload matches this call.
  Overload 1 of 2, '(props: ViewProps): View', gave the following error.
    Type '{ children: Element[]; className: string; }' is not assignable to type 'IntrinsicAttributes & IntrinsicClassAttributes<View> & Readonly<ViewProps>'.
      Property 'className' does not exist on type 'IntrinsicAttributes & IntrinsicClassAttributes<View> & Readonly<ViewProps>'.
  Overload 2 of 2, '(props: ViewProps, context: any): View', gave the following error.
    Type '{ children: Element[]; className: string; }' is not assignable to type 'IntrinsicAttributes & IntrinsicClassAttributes<View> & Readonly<ViewProps>'.
      Property 'className' does not exist on type 'IntrinsicAttributes & IntrinsicClassAttributes<View> & Readonly<ViewProps>'.
src/screens/FacultyDashboard.tsx(28,23): error TS2769: No overload matches this call.
  Overload 1 of 2, '(props: TextProps): Text', gave the following error.
    Type '{ children: string; className: string; }' is not assignable to type 'IntrinsicAttributes & IntrinsicClassAttributes<Text> & Readonly<TextProps>'.
      Property 'className' does not exist on type 'IntrinsicAttributes & IntrinsicClassAttributes<Text> & Readonly<TextProps>'.
  Overload 2 of 2, '(props: TextProps, context: any): Text', gave the following error.
    Type '{ children: string; className: string; }' is not assignable to type 'IntrinsicAttributes & IntrinsicClassAttributes<Text> & Readonly<TextProps>'.
      Property 'className' does not exist on type 'IntrinsicAttributes & IntrinsicClassAttributes<Text> & Readonly<TextProps>'.
src/screens/FacultyDashboard.tsx(29,23): error TS2769: No overload matches this call.
  Overload 1 of 2, '(props: TextProps): Text', gave the following error.
    Type '{ children: string; className: string; }' is not assignable to type 'IntrinsicAttributes & IntrinsicClassAttributes<Text> & Readonly<TextProps>'.
      Property 'className' does not exist on type 'IntrinsicAttributes & IntrinsicClassAttributes<Text> & Readonly<TextProps>'.
  Overload 2 of 2, '(props: TextProps, context: any): Text', gave the following error.
    Type '{ children: string; className: string; }' is not assignable to type 'IntrinsicAttributes & IntrinsicClassAttributes<Text> & Readonly<TextProps>'.
      Property 'className' does not exist on type 'IntrinsicAttributes & IntrinsicClassAttributes<Text> & Readonly<TextProps>'.
src/screens/FacultyDashboard.tsx(31,23): error TS2769: No overload matches this call.
  Overload 1 of 2, '(props: ViewProps): View', gave the following error.
    Type '{ children: Element; className: string; }' is not assignable to type 'IntrinsicAttributes & IntrinsicClassAttributes<View> & Readonly<ViewProps>'.
      Property 'className' does not exist on type 'IntrinsicAttributes & IntrinsicClassAttributes<View> & Readonly<ViewProps>'.
  Overload 2 of 2, '(props: ViewProps, context: any): View', gave the following error.
    Type '{ children: Element; className: string; }' is not assignable to type 'IntrinsicAttributes & IntrinsicClassAttributes<View> & Readonly<ViewProps>'.
      Property 'className' does not exist on type 'IntrinsicAttributes & IntrinsicClassAttributes<View> & Readonly<ViewProps>'.
src/screens/FacultyDashboard.tsx(32,27): error TS2769: No overload matches this call.
  Overload 1 of 2, '(props: ViewProps): View', gave the following error.
    Type '{ children: Element[]; className: string; }' is not assignable to type 'IntrinsicAttributes & IntrinsicClassAttributes<View> & Readonly<ViewProps>'.
      Property 'className' does not exist on type 'IntrinsicAttributes & IntrinsicClassAttributes<View> & Readonly<ViewProps>'.
  Overload 2 of 2, '(props: ViewProps, context: any): View', gave the following error.
    Type '{ children: Element[]; className: string; }' is not assignable to type 'IntrinsicAttributes & IntrinsicClassAttributes<View> & Readonly<ViewProps>'.
      Property 'className' does not exist on type 'IntrinsicAttributes & IntrinsicClassAttributes<View> & Readonly<ViewProps>'.
src/screens/FacultyDashboard.tsx(34,31): error TS2769: No overload matches this call.
  Overload 1 of 2, '(props: TextProps): Text', gave the following error.
    Type '{ children: string; className: string; }' is not assignable to type 'IntrinsicAttributes & IntrinsicClassAttributes<Text> & Readonly<TextProps>'.
      Property 'className' does not exist on type 'IntrinsicAttributes & IntrinsicClassAttributes<Text> & Readonly<TextProps>'.
  Overload 2 of 2, '(props: TextProps, context: any): Text', gave the following error.
    Type '{ children: string; className: string; }' is not assignable to type 'IntrinsicAttributes & IntrinsicClassAttributes<Text> & Readonly<TextProps>'.
      Property 'className' does not exist on type 'IntrinsicAttributes & IntrinsicClassAttributes<Text> & Readonly<TextProps>'.
src/screens/FacultyDashboard.tsx(40,19): error TS2769: No overload matches this call.
  Overload 1 of 2, '(props: ViewProps): View', gave the following error.
    Type '{ children: Element[]; className: string; }' is not assignable to type 'IntrinsicAttributes & IntrinsicClassAttributes<View> & Readonly<ViewProps>'.
      Property 'className' does not exist on type 'IntrinsicAttributes & IntrinsicClassAttributes<View> & Readonly<ViewProps>'.
  Overload 2 of 2, '(props: ViewProps, context: any): View', gave the following error.
    Type '{ children: Element[]; className: string; }' is not assignable to type 'IntrinsicAttributes & IntrinsicClassAttributes<View> & Readonly<ViewProps>'.
      Property 'className' does not exist on type 'IntrinsicAttributes & IntrinsicClassAttributes<View> & Readonly<ViewProps>'.
src/screens/FacultyDashboard.tsx(42,23): error TS2769: No overload matches this call.
  Overload 1 of 2, '(props: ViewProps): View', gave the following error.
    Type '{ children: Element[]; className: string; }' is not assignable to type 'IntrinsicAttributes & IntrinsicClassAttributes<View> & Readonly<ViewProps>'.
      Property 'className' does not exist on type 'IntrinsicAttributes & IntrinsicClassAttributes<View> & Readonly<ViewProps>'.
  Overload 2 of 2, '(props: ViewProps, context: any): View', gave the following error.
    Type '{ children: Element[]; className: string; }' is not assignable to type 'IntrinsicAttributes & IntrinsicClassAttributes<View> & Readonly<ViewProps>'.
      Property 'className' does not exist on type 'IntrinsicAttributes & IntrinsicClassAttributes<View> & Readonly<ViewProps>'.
src/screens/FacultyDashboard.tsx(44,31): error TS2769: No overload matches this call.
  Overload 1 of 2, '(props: TextProps): Text', gave the following error.
    Type '{ children: string; className: string; }' is not assignable to type 'IntrinsicAttributes & IntrinsicClassAttributes<Text> & Readonly<TextProps>'.
      Property 'className' does not exist on type 'IntrinsicAttributes & IntrinsicClassAttributes<Text> & Readonly<TextProps>'.
  Overload 2 of 2, '(props: TextProps, context: any): Text', gave the following error.
    Type '{ children: string; className: string; }' is not assignable to type 'IntrinsicAttributes & IntrinsicClassAttributes<Text> & Readonly<TextProps>'.
      Property 'className' does not exist on type 'IntrinsicAttributes & IntrinsicClassAttributes<Text> & Readonly<TextProps>'.
src/screens/FacultyDashboard.tsx(45,31): error TS2769: No overload matches this call.
  Overload 1 of 2, '(props: TextProps): Text', gave the following error.
    Type '{ children: string; className: string; }' is not assignable to type 'IntrinsicAttributes & IntrinsicClassAttributes<Text> & Readonly<TextProps>'.
      Property 'className' does not exist on type 'IntrinsicAttributes & IntrinsicClassAttributes<Text> & Readonly<TextProps>'.
  Overload 2 of 2, '(props: TextProps, context: any): Text', gave the following error.
    Type '{ children: string; className: string; }' is not assignable to type 'IntrinsicAttributes & IntrinsicClassAttributes<Text> & Readonly<TextProps>'.
      Property 'className' does not exist on type 'IntrinsicAttributes & IntrinsicClassAttributes<Text> & Readonly<TextProps>'.
src/screens/FacultyDashboard.tsx(47,27): error TS2769: No overload matches this call.
  Overload 1 of 2, '(props: ViewProps): View', gave the following error.
    Type '{ children: Element; className: string; }' is not assignable to type 'IntrinsicAttributes & IntrinsicClassAttributes<View> & Readonly<ViewProps>'.
      Property 'className' does not exist on type 'IntrinsicAttributes & IntrinsicClassAttributes<View> & Readonly<ViewProps>'.
  Overload 2 of 2, '(props: ViewProps, context: any): View', gave the following error.
    Type '{ children: Element; className: string; }' is not assignable to type 'IntrinsicAttributes & IntrinsicClassAttributes<View> & Readonly<ViewProps>'.
      Property 'className' does not exist on type 'IntrinsicAttributes & IntrinsicClassAttributes<View> & Readonly<ViewProps>'.
src/screens/FacultyDashboard.tsx(52,23): error TS2769: No overload matches this call.
  Overload 1 of 2, '(props: ViewProps): View', gave the following error.
    Type '{ children: Element[]; className: string; }' is not assignable to type 'IntrinsicAttributes & IntrinsicClassAttributes<View> & Readonly<ViewProps>'.
      Property 'className' does not exist on type 'IntrinsicAttributes & IntrinsicClassAttributes<View> & Readonly<ViewProps>'.
  Overload 2 of 2, '(props: ViewProps, context: any): View', gave the following error.
    Type '{ children: Element[]; className: string; }' is not assignable to type 'IntrinsicAttributes & IntrinsicClassAttributes<View> & Readonly<ViewProps>'.
      Property 'className' does not exist on type 'IntrinsicAttributes & IntrinsicClassAttributes<View> & Readonly<ViewProps>'.
src/screens/FacultyDashboard.tsx(54,31): error TS2769: No overload matches this call.
  Overload 1 of 2, '(props: TextProps): Text', gave the following error.
    Type '{ children: string; className: string; }' is not assignable to type 'IntrinsicAttributes & IntrinsicClassAttributes<Text> & Readonly<TextProps>'.
      Property 'className' does not exist on type 'IntrinsicAttributes & IntrinsicClassAttributes<Text> & Readonly<TextProps>'.
  Overload 2 of 2, '(props: TextProps, context: any): Text', gave the following error.
    Type '{ children: string; className: string; }' is not assignable to type 'IntrinsicAttributes & IntrinsicClassAttributes<Text> & Readonly<TextProps>'.
      Property 'className' does not exist on type 'IntrinsicAttributes & IntrinsicClassAttributes<Text> & Readonly<TextProps>'.
src/screens/FacultyDashboard.tsx(55,31): error TS2769: No overload matches this call.
  Overload 1 of 2, '(props: TextProps): Text', gave the following error.
    Type '{ children: string; className: string; }' is not assignable to type 'IntrinsicAttributes & IntrinsicClassAttributes<Text> & Readonly<TextProps>'.
      Property 'className' does not exist on type 'IntrinsicAttributes & IntrinsicClassAttributes<Text> & Readonly<TextProps>'.
  Overload 2 of 2, '(props: TextProps, context: any): Text', gave the following error.
    Type '{ children: string; className: string; }' is not assignable to type 'IntrinsicAttributes & IntrinsicClassAttributes<Text> & Readonly<TextProps>'.
      Property 'className' does not exist on type 'IntrinsicAttributes & IntrinsicClassAttributes<Text> & Readonly<TextProps>'.
src/screens/FacultyDashboard.tsx(57,27): error TS2769: No overload matches this call.
  Overload 1 of 2, '(props: ViewProps): View', gave the following error.
    Type '{ children: Element; className: string; }' is not assignable to type 'IntrinsicAttributes & IntrinsicClassAttributes<View> & Readonly<ViewProps>'.
      Property 'className' does not exist on type 'IntrinsicAttributes & IntrinsicClassAttributes<View> & Readonly<ViewProps>'.
  Overload 2 of 2, '(props: ViewProps, context: any): View', gave the following error.
    Type '{ children: Element; className: string; }' is not assignable to type 'IntrinsicAttributes & IntrinsicClassAttributes<View> & Readonly<ViewProps>'.
      Property 'className' does not exist on type 'IntrinsicAttributes & IntrinsicClassAttributes<View> & Readonly<ViewProps>'.
src/screens/FacultyDashboard.tsx(62,23): error TS2769: No overload matches this call.
  Overload 1 of 2, '(props: ViewProps): View', gave the following error.
    Type '{ children: Element[]; className: string; }' is not assignable to type 'IntrinsicAttributes & IntrinsicClassAttributes<View> & Readonly<ViewProps>'.
      Property 'className' does not exist on type 'IntrinsicAttributes & IntrinsicClassAttributes<View> & Readonly<ViewProps>'.
  Overload 2 of 2, '(props: ViewProps, context: any): View', gave the following error.
    Type '{ children: Element[]; className: string; }' is not assignable to type 'IntrinsicAttributes & IntrinsicClassAttributes<View> & Readonly<ViewProps>'.
      Property 'className' does not exist on type 'IntrinsicAttributes & IntrinsicClassAttributes<View> & Readonly<ViewProps>'.
src/screens/FacultyDashboard.tsx(64,31): error TS2769: No overload matches this call.
  Overload 1 of 2, '(props: TextProps): Text', gave the following error.
    Type '{ children: string; className: string; }' is not assignable to type 'IntrinsicAttributes & IntrinsicClassAttributes<Text> & Readonly<TextProps>'.
      Property 'className' does not exist on type 'IntrinsicAttributes & IntrinsicClassAttributes<Text> & Readonly<TextProps>'.
  Overload 2 of 2, '(props: TextProps, context: any): Text', gave the following error.
    Type '{ children: string; className: string; }' is not assignable to type 'IntrinsicAttributes & IntrinsicClassAttributes<Text> & Readonly<TextProps>'.
      Property 'className' does not exist on type 'IntrinsicAttributes & IntrinsicClassAttributes<Text> & Readonly<TextProps>'.
src/screens/FacultyDashboard.tsx(65,31): error TS2769: No overload matches this call.
  Overload 1 of 2, '(props: TextProps): Text', gave the following error.
    Type '{ children: string; className: string; }' is not assignable to type 'IntrinsicAttributes & IntrinsicClassAttributes<Text> & Readonly<TextProps>'.
      Property 'className' does not exist on type 'IntrinsicAttributes & IntrinsicClassAttributes<Text> & Readonly<TextProps>'.
  Overload 2 of 2, '(props: TextProps, context: any): Text', gave the following error.
    Type '{ children: string; className: string; }' is not assignable to type 'IntrinsicAttributes & IntrinsicClassAttributes<Text> & Readonly<TextProps>'.
      Property 'className' does not exist on type 'IntrinsicAttributes & IntrinsicClassAttributes<Text> & Readonly<TextProps>'.
src/screens/FacultyDashboard.tsx(67,27): error TS2769: No overload matches this call.
  Overload 1 of 2, '(props: ViewProps): View', gave the following error.
    Type '{ children: Element; className: string; }' is not assignable to type 'IntrinsicAttributes & IntrinsicClassAttributes<View> & Readonly<ViewProps>'.
      Property 'className' does not exist on type 'IntrinsicAttributes & IntrinsicClassAttributes<View> & Readonly<ViewProps>'.
  Overload 2 of 2, '(props: ViewProps, context: any): View', gave the following error.
    Type '{ children: Element; className: string; }' is not assignable to type 'IntrinsicAttributes & IntrinsicClassAttributes<View> & Readonly<ViewProps>'.
      Property 'className' does not exist on type 'IntrinsicAttributes & IntrinsicClassAttributes<View> & Readonly<ViewProps>'.
src/screens/FacultyDashboard.tsx(75,19): error TS2769: No overload matches this call.
  Overload 1 of 2, '(props: TextProps): Text', gave the following error.
    Type '{ children: string; className: string; }' is not assignable to type 'IntrinsicAttributes & IntrinsicClassAttributes<Text> & Readonly<TextProps>'.
      Property 'className' does not exist on type 'IntrinsicAttributes & IntrinsicClassAttributes<Text> & Readonly<TextProps>'.
  Overload 2 of 2, '(props: TextProps, context: any): Text', gave the following error.
    Type '{ children: string; className: string; }' is not assignable to type 'IntrinsicAttributes & IntrinsicClassAttributes<Text> & Readonly<TextProps>'.
      Property 'className' does not exist on type 'IntrinsicAttributes & IntrinsicClassAttributes<Text> & Readonly<TextProps>'.
src/screens/FacultyDashboard.tsx(76,19): error TS2769: No overload matches this call.
  Overload 1 of 2, '(props: ViewProps): View', gave the following error.
    Type '{ children: Element[]; className: string; }' is not assignable to type 'IntrinsicAttributes & IntrinsicClassAttributes<View> & Readonly<ViewProps>'.
      Property 'className' does not exist on type 'IntrinsicAttributes & IntrinsicClassAttributes<View> & Readonly<ViewProps>'.
  Overload 2 of 2, '(props: ViewProps, context: any): View', gave the following error.
    Type '{ children: Element[]; className: string; }' is not assignable to type 'IntrinsicAttributes & IntrinsicClassAttributes<View> & Readonly<ViewProps>'.
      Property 'className' does not exist on type 'IntrinsicAttributes & IntrinsicClassAttributes<View> & Readonly<ViewProps>'.
src/screens/FacultyDashboard.tsx(77,35): error TS2322: Type '{ children: Element[]; className: string; }' is not assignable to type 'IntrinsicAttributes & TouchableOpacityProps & RefAttributes<View>'.
  Property 'className' does not exist on type 'IntrinsicAttributes & TouchableOpacityProps & RefAttributes<View>'.
src/screens/FacultyDashboard.tsx(78,27): error TS2769: No overload matches this call.
  Overload 1 of 2, '(props: ViewProps): View', gave the following error.
    Type '{ children: Element; className: string; }' is not assignable to type 'IntrinsicAttributes & IntrinsicClassAttributes<View> & Readonly<ViewProps>'.
      Property 'className' does not exist on type 'IntrinsicAttributes & IntrinsicClassAttributes<View> & Readonly<ViewProps>'.
  Overload 2 of 2, '(props: ViewProps, context: any): View', gave the following error.
    Type '{ children: Element; className: string; }' is not assignable to type 'IntrinsicAttributes & IntrinsicClassAttributes<View> & Readonly<ViewProps>'.
      Property 'className' does not exist on type 'IntrinsicAttributes & IntrinsicClassAttributes<View> & Readonly<ViewProps>'.
src/screens/FacultyDashboard.tsx(81,27): error TS2769: No overload matches this call.
  Overload 1 of 2, '(props: TextProps): Text', gave the following error.
    Type '{ children: string; className: string; }' is not assignable to type 'IntrinsicAttributes & IntrinsicClassAttributes<Text> & Readonly<TextProps>'.
      Property 'className' does not exist on type 'IntrinsicAttributes & IntrinsicClassAttributes<Text> & Readonly<TextProps>'.
  Overload 2 of 2, '(props: TextProps, context: any): Text', gave the following error.
    Type '{ children: string; className: string; }' is not assignable to type 'IntrinsicAttributes & IntrinsicClassAttributes<Text> & Readonly<TextProps>'.
      Property 'className' does not exist on type 'IntrinsicAttributes & IntrinsicClassAttributes<Text> & Readonly<TextProps>'.
src/screens/FacultyDashboard.tsx(83,35): error TS2322: Type '{ children: Element[]; className: string; }' is not assignable to type 'IntrinsicAttributes & TouchableOpacityProps & RefAttributes<View>'.
  Property 'className' does not exist on type 'IntrinsicAttributes & TouchableOpacityProps & RefAttributes<View>'.
src/screens/FacultyDashboard.tsx(84,27): error TS2769: No overload matches this call.
  Overload 1 of 2, '(props: ViewProps): View', gave the following error.
    Type '{ children: Element; className: string; }' is not assignable to type 'IntrinsicAttributes & IntrinsicClassAttributes<View> & Readonly<ViewProps>'.
      Property 'className' does not exist on type 'IntrinsicAttributes & IntrinsicClassAttributes<View> & Readonly<ViewProps>'.
  Overload 2 of 2, '(props: ViewProps, context: any): View', gave the following error.
    Type '{ children: Element; className: string; }' is not assignable to type 'IntrinsicAttributes & IntrinsicClassAttributes<View> & Readonly<ViewProps>'.
      Property 'className' does not exist on type 'IntrinsicAttributes & IntrinsicClassAttributes<View> & Readonly<ViewProps>'.
src/screens/FacultyDashboard.tsx(87,27): error TS2769: No overload matches this call.
  Overload 1 of 2, '(props: TextProps): Text', gave the following error.
    Type '{ children: string; className: string; }' is not assignable to type 'IntrinsicAttributes & IntrinsicClassAttributes<Text> & Readonly<TextProps>'.
      Property 'className' does not exist on type 'IntrinsicAttributes & IntrinsicClassAttributes<Text> & Readonly<TextProps>'.
  Overload 2 of 2, '(props: TextProps, context: any): Text', gave the following error.
    Type '{ children: string; className: string; }' is not assignable to type 'IntrinsicAttributes & IntrinsicClassAttributes<Text> & Readonly<TextProps>'.
      Property 'className' does not exist on type 'IntrinsicAttributes & IntrinsicClassAttributes<Text> & Readonly<TextProps>'.
src/screens/LoginScreen.tsx(12,23): error TS2769: No overload matches this call.
  Overload 1 of 2, '(props: ViewProps): SafeAreaView', gave the following error.
    Type '{ children: Element; className: string; }' is not assignable to type 'IntrinsicAttributes & IntrinsicClassAttributes<SafeAreaView> & Readonly<ViewProps>'.
      Property 'className' does not exist on type 'IntrinsicAttributes & IntrinsicClassAttributes<SafeAreaView> & Readonly<ViewProps>'.
  Overload 2 of 2, '(props: ViewProps, context: any): SafeAreaView', gave the following error.
    Type '{ children: Element; className: string; }' is not assignable to type 'IntrinsicAttributes & IntrinsicClassAttributes<SafeAreaView> & Readonly<ViewProps>'.
      Property 'className' does not exist on type 'IntrinsicAttributes & IntrinsicClassAttributes<SafeAreaView> & Readonly<ViewProps>'.
src/screens/LoginScreen.tsx(15,17): error TS2769: No overload matches this call.
  Overload 1 of 2, '(props: KeyboardAvoidingViewProps): KeyboardAvoidingView', gave the following error.
    Type '{ children: Element; behavior: "padding" | "height"; className: string; }' is not assignable to type 'IntrinsicAttributes & IntrinsicClassAttributes<KeyboardAvoidingView> & Readonly<KeyboardAvoidingViewProps>'.
      Property 'className' does not exist on type 'IntrinsicAttributes & IntrinsicClassAttributes<KeyboardAvoidingView> & Readonly<KeyboardAvoidingViewProps>'.
  Overload 2 of 2, '(props: KeyboardAvoidingViewProps, context: any): KeyboardAvoidingView', gave the following error.
    Type '{ children: Element; behavior: "padding" | "height"; className: string; }' is not assignable to type 'IntrinsicAttributes & IntrinsicClassAttributes<KeyboardAvoidingView> & Readonly<KeyboardAvoidingViewProps>'.
      Property 'className' does not exist on type 'IntrinsicAttributes & IntrinsicClassAttributes<KeyboardAvoidingView> & Readonly<KeyboardAvoidingViewProps>'.
src/screens/LoginScreen.tsx(17,23): error TS2769: No overload matches this call.
  Overload 1 of 2, '(props: ViewProps): View', gave the following error.
    Type '{ children: Element[]; className: string; }' is not assignable to type 'IntrinsicAttributes & IntrinsicClassAttributes<View> & Readonly<ViewProps>'.
      Property 'className' does not exist on type 'IntrinsicAttributes & IntrinsicClassAttributes<View> & Readonly<ViewProps>'.
  Overload 2 of 2, '(props: ViewProps, context: any): View', gave the following error.
    Type '{ children: Element[]; className: string; }' is not assignable to type 'IntrinsicAttributes & IntrinsicClassAttributes<View> & Readonly<ViewProps>'.
      Property 'className' does not exist on type 'IntrinsicAttributes & IntrinsicClassAttributes<View> & Readonly<ViewProps>'.
src/screens/LoginScreen.tsx(20,27): error TS2769: No overload matches this call.
  Overload 1 of 2, '(props: ViewProps): View', gave the following error.
    Type '{ children: Element[]; className: string; }' is not assignable to type 'IntrinsicAttributes & IntrinsicClassAttributes<View> & Readonly<ViewProps>'.
      Property 'className' does not exist on type 'IntrinsicAttributes & IntrinsicClassAttributes<View> & Readonly<ViewProps>'.
  Overload 2 of 2, '(props: ViewProps, context: any): View', gave the following error.
    Type '{ children: Element[]; className: string; }' is not assignable to type 'IntrinsicAttributes & IntrinsicClassAttributes<View> & Readonly<ViewProps>'.
      Property 'className' does not exist on type 'IntrinsicAttributes & IntrinsicClassAttributes<View> & Readonly<ViewProps>'.
src/screens/LoginScreen.tsx(21,31): error TS2769: No overload matches this call.
  Overload 1 of 2, '(props: ViewProps): View', gave the following error.
    Type '{ children: Element; className: string; }' is not assignable to type 'IntrinsicAttributes & IntrinsicClassAttributes<View> & Readonly<ViewProps>'.
      Property 'className' does not exist on type 'IntrinsicAttributes & IntrinsicClassAttributes<View> & Readonly<ViewProps>'.
  Overload 2 of 2, '(props: ViewProps, context: any): View', gave the following error.
    Type '{ children: Element; className: string; }' is not assignable to type 'IntrinsicAttributes & IntrinsicClassAttributes<View> & Readonly<ViewProps>'.
      Property 'className' does not exist on type 'IntrinsicAttributes & IntrinsicClassAttributes<View> & Readonly<ViewProps>'.
src/screens/LoginScreen.tsx(24,31): error TS2769: No overload matches this call.
  Overload 1 of 2, '(props: TextProps): Text', gave the following error.
    Type '{ children: string; className: string; }' is not assignable to type 'IntrinsicAttributes & IntrinsicClassAttributes<Text> & Readonly<TextProps>'.
      Property 'className' does not exist on type 'IntrinsicAttributes & IntrinsicClassAttributes<Text> & Readonly<TextProps>'.
  Overload 2 of 2, '(props: TextProps, context: any): Text', gave the following error.
    Type '{ children: string; className: string; }' is not assignable to type 'IntrinsicAttributes & IntrinsicClassAttributes<Text> & Readonly<TextProps>'.
      Property 'className' does not exist on type 'IntrinsicAttributes & IntrinsicClassAttributes<Text> & Readonly<TextProps>'.
src/screens/LoginScreen.tsx(25,31): error TS2769: No overload matches this call.
  Overload 1 of 2, '(props: TextProps): Text', gave the following error.
    Type '{ children: string; className: string; }' is not assignable to type 'IntrinsicAttributes & IntrinsicClassAttributes<Text> & Readonly<TextProps>'.
      Property 'className' does not exist on type 'IntrinsicAttributes & IntrinsicClassAttributes<Text> & Readonly<TextProps>'.
  Overload 2 of 2, '(props: TextProps, context: any): Text', gave the following error.
    Type '{ children: string; className: string; }' is not assignable to type 'IntrinsicAttributes & IntrinsicClassAttributes<Text> & Readonly<TextProps>'.
      Property 'className' does not exist on type 'IntrinsicAttributes & IntrinsicClassAttributes<Text> & Readonly<TextProps>'.
src/screens/LoginScreen.tsx(29,27): error TS2769: No overload matches this call.
  Overload 1 of 2, '(props: ViewProps): View', gave the following error.
    Type '{ children: Element[]; className: string; }' is not assignable to type 'IntrinsicAttributes & IntrinsicClassAttributes<View> & Readonly<ViewProps>'.
      Property 'className' does not exist on type 'IntrinsicAttributes & IntrinsicClassAttributes<View> & Readonly<ViewProps>'.
  Overload 2 of 2, '(props: ViewProps, context: any): View', gave the following error.
    Type '{ children: Element[]; className: string; }' is not assignable to type 'IntrinsicAttributes & IntrinsicClassAttributes<View> & Readonly<ViewProps>'.
      Property 'className' does not exist on type 'IntrinsicAttributes & IntrinsicClassAttributes<View> & Readonly<ViewProps>'.
src/screens/LoginScreen.tsx(32,29): error TS2322: Type '{ children: Element; onPress: () => void; className: string; }' is not assignable to type 'IntrinsicAttributes & TouchableOpacityProps & RefAttributes<View>'.
  Property 'className' does not exist on type 'IntrinsicAttributes & TouchableOpacityProps & RefAttributes<View>'.
src/screens/LoginScreen.tsx(34,35): error TS2769: No overload matches this call.
  Overload 1 of 2, '(props: TextProps): Text', gave the following error.
    Type '{ children: string; className: string; }' is not assignable to type 'IntrinsicAttributes & IntrinsicClassAttributes<Text> & Readonly<TextProps>'.
      Property 'className' does not exist on type 'IntrinsicAttributes & IntrinsicClassAttributes<Text> & Readonly<TextProps>'.
  Overload 2 of 2, '(props: TextProps, context: any): Text', gave the following error.
    Type '{ children: string; className: string; }' is not assignable to type 'IntrinsicAttributes & IntrinsicClassAttributes<Text> & Readonly<TextProps>'.
      Property 'className' does not exist on type 'IntrinsicAttributes & IntrinsicClassAttributes<Text> & Readonly<TextProps>'.
src/screens/LoginScreen.tsx(38,29): error TS2322: Type '{ children: Element; onPress: () => void; className: string; }' is not assignable to type 'IntrinsicAttributes & TouchableOpacityProps & RefAttributes<View>'.
  Property 'className' does not exist on type 'IntrinsicAttributes & TouchableOpacityProps & RefAttributes<View>'.
src/screens/LoginScreen.tsx(40,35): error TS2769: No overload matches this call.
  Overload 1 of 2, '(props: TextProps): Text', gave the following error.
    Type '{ children: string; className: string; }' is not assignable to type 'IntrinsicAttributes & IntrinsicClassAttributes<Text> & Readonly<TextProps>'.
      Property 'className' does not exist on type 'IntrinsicAttributes & IntrinsicClassAttributes<Text> & Readonly<TextProps>'.
  Overload 2 of 2, '(props: TextProps, context: any): Text', gave the following error.
    Type '{ children: string; className: string; }' is not assignable to type 'IntrinsicAttributes & IntrinsicClassAttributes<Text> & Readonly<TextProps>'.
      Property 'className' does not exist on type 'IntrinsicAttributes & IntrinsicClassAttributes<Text> & Readonly<TextProps>'.
src/screens/LoginScreen.tsx(45,27): error TS2769: No overload matches this call.
  Overload 1 of 2, '(props: ViewProps): View', gave the following error.
    Type '{ children: Element[]; className: string; }' is not assignable to type 'IntrinsicAttributes & IntrinsicClassAttributes<View> & Readonly<ViewProps>'.
      Property 'className' does not exist on type 'IntrinsicAttributes & IntrinsicClassAttributes<View> & Readonly<ViewProps>'.
  Overload 2 of 2, '(props: ViewProps, context: any): View', gave the following error.
    Type '{ children: Element[]; className: string; }' is not assignable to type 'IntrinsicAttributes & IntrinsicClassAttributes<View> & Readonly<ViewProps>'.
      Property 'className' does not exist on type 'IntrinsicAttributes & IntrinsicClassAttributes<View> & Readonly<ViewProps>'.
src/screens/LoginScreen.tsx(48,29): error TS2322: Type '{ children: Element[]; onPress: () => void; className: string; }' is not assignable to type 'IntrinsicAttributes & TouchableOpacityProps & RefAttributes<View>'.
  Property 'className' does not exist on type 'IntrinsicAttributes & TouchableOpacityProps & RefAttributes<View>'.
src/screens/LoginScreen.tsx(51,35): error TS2769: No overload matches this call.
  Overload 1 of 2, '(props: TextProps): Text', gave the following error.
    Type '{ children: string; className: string; }' is not assignable to type 'IntrinsicAttributes & IntrinsicClassAttributes<Text> & Readonly<TextProps>'.
      Property 'className' does not exist on type 'IntrinsicAttributes & IntrinsicClassAttributes<Text> & Readonly<TextProps>'.
  Overload 2 of 2, '(props: TextProps, context: any): Text', gave the following error.
    Type '{ children: string; className: string; }' is not assignable to type 'IntrinsicAttributes & IntrinsicClassAttributes<Text> & Readonly<TextProps>'.
      Property 'className' does not exist on type 'IntrinsicAttributes & IntrinsicClassAttributes<Text> & Readonly<TextProps>'.
src/screens/LoginScreen.tsx(55,29): error TS2322: Type '{ children: Element[]; onPress: () => void; className: string; }' is not assignable to type 'IntrinsicAttributes & TouchableOpacityProps & RefAttributes<View>'.
  Property 'className' does not exist on type 'IntrinsicAttributes & TouchableOpacityProps & RefAttributes<View>'.
src/screens/LoginScreen.tsx(58,35): error TS2769: No overload matches this call.
  Overload 1 of 2, '(props: TextProps): Text', gave the following error.
    Type '{ children: string; className: string; }' is not assignable to type 'IntrinsicAttributes & IntrinsicClassAttributes<Text> & Readonly<TextProps>'.
      Property 'className' does not exist on type 'IntrinsicAttributes & IntrinsicClassAttributes<Text> & Readonly<TextProps>'.
  Overload 2 of 2, '(props: TextProps, context: any): Text', gave the following error.
    Type '{ children: string; className: string; }' is not assignable to type 'IntrinsicAttributes & IntrinsicClassAttributes<Text> & Readonly<TextProps>'.
      Property 'className' does not exist on type 'IntrinsicAttributes & IntrinsicClassAttributes<Text> & Readonly<TextProps>'.
src/screens/LoginScreen.tsx(63,27): error TS2769: No overload matches this call.
  Overload 1 of 2, '(props: ViewProps): View', gave the following error.
    Type '{ children: Element[]; className: string; }' is not assignable to type 'IntrinsicAttributes & IntrinsicClassAttributes<View> & Readonly<ViewProps>'.
      Property 'className' does not exist on type 'IntrinsicAttributes & IntrinsicClassAttributes<View> & Readonly<ViewProps>'.
  Overload 2 of 2, '(props: ViewProps, context: any): View', gave the following error.
    Type '{ children: Element[]; className: string; }' is not assignable to type 'IntrinsicAttributes & IntrinsicClassAttributes<View> & Readonly<ViewProps>'.
      Property 'className' does not exist on type 'IntrinsicAttributes & IntrinsicClassAttributes<View> & Readonly<ViewProps>'.
src/screens/LoginScreen.tsx(64,31): error TS2769: No overload matches this call.
  Overload 1 of 2, '(props: ViewProps): View', gave the following error.
    Type '{ children: Element[]; className: string; }' is not assignable to type 'IntrinsicAttributes & IntrinsicClassAttributes<View> & Readonly<ViewProps>'.
      Property 'className' does not exist on type 'IntrinsicAttributes & IntrinsicClassAttributes<View> & Readonly<ViewProps>'.
  Overload 2 of 2, '(props: ViewProps, context: any): View', gave the following error.
    Type '{ children: Element[]; className: string; }' is not assignable to type 'IntrinsicAttributes & IntrinsicClassAttributes<View> & Readonly<ViewProps>'.
      Property 'className' does not exist on type 'IntrinsicAttributes & IntrinsicClassAttributes<View> & Readonly<ViewProps>'.
src/screens/LoginScreen.tsx(67,33): error TS2769: No overload matches this call.
  Overload 1 of 2, '(props: TextInputProps): TextInput', gave the following error.
    Type '{ className: string; placeholder: string; placeholderTextColor: string; value: string; onChangeText: Dispatch<SetStateAction<string>>; autoCapitalize: "none"; }' is not assignable to type 'IntrinsicAttributes & IntrinsicClassAttributes<TextInput> & Readonly<TextInputProps>'.
      Property 'className' does not exist on type 'IntrinsicAttributes & IntrinsicClassAttributes<TextInput> & Readonly<TextInputProps>'.
  Overload 2 of 2, '(props: TextInputProps, context: any): TextInput', gave the following error.
    Type '{ className: string; placeholder: string; placeholderTextColor: string; value: string; onChangeText: Dispatch<SetStateAction<string>>; autoCapitalize: "none"; }' is not assignable to type 'IntrinsicAttributes & IntrinsicClassAttributes<TextInput> & Readonly<TextInputProps>'.
      Property 'className' does not exist on type 'IntrinsicAttributes & IntrinsicClassAttributes<TextInput> & Readonly<TextInputProps>'.
src/screens/LoginScreen.tsx(75,31): error TS2769: No overload matches this call.
  Overload 1 of 2, '(props: ViewProps): View', gave the following error.
    Type '{ children: Element[]; className: string; }' is not assignable to type 'IntrinsicAttributes & IntrinsicClassAttributes<View> & Readonly<ViewProps>'.
      Property 'className' does not exist on type 'IntrinsicAttributes & IntrinsicClassAttributes<View> & Readonly<ViewProps>'.
  Overload 2 of 2, '(props: ViewProps, context: any): View', gave the following error.
    Type '{ children: Element[]; className: string; }' is not assignable to type 'IntrinsicAttributes & IntrinsicClassAttributes<View> & Readonly<ViewProps>'.
      Property 'className' does not exist on type 'IntrinsicAttributes & IntrinsicClassAttributes<View> & Readonly<ViewProps>'.
src/screens/LoginScreen.tsx(78,33): error TS2769: No overload matches this call.
  Overload 1 of 2, '(props: TextInputProps): TextInput', gave the following error.
    Type '{ className: string; placeholder: string; placeholderTextColor: string; secureTextEntry: true; value: string; onChangeText: Dispatch<SetStateAction<string>>; }' is not assignable to type 'IntrinsicAttributes & IntrinsicClassAttributes<TextInput> & Readonly<TextInputProps>'.
      Property 'className' does not exist on type 'IntrinsicAttributes & IntrinsicClassAttributes<TextInput> & Readonly<TextInputProps>'.
  Overload 2 of 2, '(props: TextInputProps, context: any): TextInput', gave the following error.
    Type '{ className: string; placeholder: string; placeholderTextColor: string; secureTextEntry: true; value: string; onChangeText: Dispatch<SetStateAction<string>>; }' is not assignable to type 'IntrinsicAttributes & IntrinsicClassAttributes<TextInput> & Readonly<TextInputProps>'.
      Property 'className' does not exist on type 'IntrinsicAttributes & IntrinsicClassAttributes<TextInput> & Readonly<TextInputProps>'.
src/screens/LoginScreen.tsx(90,25): error TS2322: Type '{ children: Element[]; className: string; onPress: () => void; }' is not assignable to type 'IntrinsicAttributes & TouchableOpacityProps & RefAttributes<View>'.
  Property 'className' does not exist on type 'IntrinsicAttributes & TouchableOpacityProps & RefAttributes<View>'.
src/screens/LoginScreen.tsx(93,31): error TS2769: No overload matches this call.
  Overload 1 of 2, '(props: TextProps): Text', gave the following error.
    Type '{ children: string; className: string; }' is not assignable to type 'IntrinsicAttributes & IntrinsicClassAttributes<Text> & Readonly<TextProps>'.
      Property 'className' does not exist on type 'IntrinsicAttributes & IntrinsicClassAttributes<Text> & Readonly<TextProps>'.
  Overload 2 of 2, '(props: TextProps, context: any): Text', gave the following error.
    Type '{ children: string; className: string; }' is not assignable to type 'IntrinsicAttributes & IntrinsicClassAttributes<Text> & Readonly<TextProps>'.
      Property 'className' does not exist on type 'IntrinsicAttributes & IntrinsicClassAttributes<Text> & Readonly<TextProps>'.
src/screens/StudentDashboard.tsx(17,21): error TS2769: No overload matches this call.
  Overload 1 of 2, '(props: ScrollViewProps): ScrollView', gave the following error.
    Type '{ children: Element[]; className: string; contentContainerStyle: { padding: number; paddingBottom: number; }; }' is not assignable to type 'IntrinsicAttributes & IntrinsicClassAttributes<ScrollView> & Readonly<ScrollViewProps>'.
      Property 'className' does not exist on type 'IntrinsicAttributes & IntrinsicClassAttributes<ScrollView> & Readonly<ScrollViewProps>'.
  Overload 2 of 2, '(props: ScrollViewProps, context: any): ScrollView', gave the following error.
    Type '{ children: Element[]; className: string; contentContainerStyle: { padding: number; paddingBottom: number; }; }' is not assignable to type 'IntrinsicAttributes & IntrinsicClassAttributes<ScrollView> & Readonly<ScrollViewProps>'.
      Property 'className' does not exist on type 'IntrinsicAttributes & IntrinsicClassAttributes<ScrollView> & Readonly<ScrollViewProps>'.
src/screens/StudentDashboard.tsx(19,19): error TS2769: No overload matches this call.
  Overload 1 of 2, '(props: ViewProps): View', gave the following error.
    Type '{ children: Element[]; className: string; }' is not assignable to type 'IntrinsicAttributes & IntrinsicClassAttributes<View> & Readonly<ViewProps>'.
      Property 'className' does not exist on type 'IntrinsicAttributes & IntrinsicClassAttributes<View> & Readonly<ViewProps>'.
  Overload 2 of 2, '(props: ViewProps, context: any): View', gave the following error.
    Type '{ children: Element[]; className: string; }' is not assignable to type 'IntrinsicAttributes & IntrinsicClassAttributes<View> & Readonly<ViewProps>'.
      Property 'className' does not exist on type 'IntrinsicAttributes & IntrinsicClassAttributes<View> & Readonly<ViewProps>'.
src/screens/StudentDashboard.tsx(20,35): error TS2322: Type '{ children: Element; className: string; }' is not assignable to type 'IntrinsicAttributes & TouchableOpacityProps & RefAttributes<View>'.
  Property 'className' does not exist on type 'IntrinsicAttributes & TouchableOpacityProps & RefAttributes<View>'.
src/screens/StudentDashboard.tsx(23,23): error TS2769: No overload matches this call.
  Overload 1 of 2, '(props: ViewProps): View', gave the following error.
    Type '{ children: Element[]; className: string; }' is not assignable to type 'IntrinsicAttributes & IntrinsicClassAttributes<View> & Readonly<ViewProps>'.
      Property 'className' does not exist on type 'IntrinsicAttributes & IntrinsicClassAttributes<View> & Readonly<ViewProps>'.
  Overload 2 of 2, '(props: ViewProps, context: any): View', gave the following error.
    Type '{ children: Element[]; className: string; }' is not assignable to type 'IntrinsicAttributes & IntrinsicClassAttributes<View> & Readonly<ViewProps>'.
      Property 'className' does not exist on type 'IntrinsicAttributes & IntrinsicClassAttributes<View> & Readonly<ViewProps>'.
src/screens/StudentDashboard.tsx(24,39): error TS2322: Type '{ children: Element; className: string; }' is not assignable to type 'IntrinsicAttributes & TouchableOpacityProps & RefAttributes<View>'.
  Property 'className' does not exist on type 'IntrinsicAttributes & TouchableOpacityProps & RefAttributes<View>'.
src/screens/StudentDashboard.tsx(27,39): error TS2322: Type '{ children: Element; className: string; }' is not assignable to type 'IntrinsicAttributes & TouchableOpacityProps & RefAttributes<View>'.
  Property 'className' does not exist on type 'IntrinsicAttributes & TouchableOpacityProps & RefAttributes<View>'.
src/screens/StudentDashboard.tsx(30,39): error TS2322: Type '{ children: Element; className: string; }' is not assignable to type 'IntrinsicAttributes & TouchableOpacityProps & RefAttributes<View>'.
  Property 'className' does not exist on type 'IntrinsicAttributes & TouchableOpacityProps & RefAttributes<View>'.
src/screens/StudentDashboard.tsx(37,19): error TS2769: No overload matches this call.
  Overload 1 of 2, '(props: ViewProps): View', gave the following error.
    Type '{ children: Element[]; className: string; }' is not assignable to type 'IntrinsicAttributes & IntrinsicClassAttributes<View> & Readonly<ViewProps>'.
      Property 'className' does not exist on type 'IntrinsicAttributes & IntrinsicClassAttributes<View> & Readonly<ViewProps>'.
  Overload 2 of 2, '(props: ViewProps, context: any): View', gave the following error.
    Type '{ children: Element[]; className: string; }' is not assignable to type 'IntrinsicAttributes & IntrinsicClassAttributes<View> & Readonly<ViewProps>'.
      Property 'className' does not exist on type 'IntrinsicAttributes & IntrinsicClassAttributes<View> & Readonly<ViewProps>'.
src/screens/StudentDashboard.tsx(38,23): error TS2769: No overload matches this call.
  Overload 1 of 2, '(props: TextProps): Text', gave the following error.
    Type '{ children: string; className: string; }' is not assignable to type 'IntrinsicAttributes & IntrinsicClassAttributes<Text> & Readonly<TextProps>'.
      Property 'className' does not exist on type 'IntrinsicAttributes & IntrinsicClassAttributes<Text> & Readonly<TextProps>'.
  Overload 2 of 2, '(props: TextProps, context: any): Text', gave the following error.
    Type '{ children: string; className: string; }' is not assignable to type 'IntrinsicAttributes & IntrinsicClassAttributes<Text> & Readonly<TextProps>'.
      Property 'className' does not exist on type 'IntrinsicAttributes & IntrinsicClassAttributes<Text> & Readonly<TextProps>'.
src/screens/StudentDashboard.tsx(40,23): error TS2769: No overload matches this call.
  Overload 1 of 2, '(props: ViewProps): View', gave the following error.
    Type '{ children: Element[]; className: string; }' is not assignable to type 'IntrinsicAttributes & IntrinsicClassAttributes<View> & Readonly<ViewProps>'.
      Property 'className' does not exist on type 'IntrinsicAttributes & IntrinsicClassAttributes<View> & Readonly<ViewProps>'.
  Overload 2 of 2, '(props: ViewProps, context: any): View', gave the following error.
    Type '{ children: Element[]; className: string; }' is not assignable to type 'IntrinsicAttributes & IntrinsicClassAttributes<View> & Readonly<ViewProps>'.
      Property 'className' does not exist on type 'IntrinsicAttributes & IntrinsicClassAttributes<View> & Readonly<ViewProps>'.
src/screens/StudentDashboard.tsx(41,27): error TS2769: No overload matches this call.
  Overload 1 of 2, '(props: ViewProps): View', gave the following error.
    Type '{ children: Element; className: string; }' is not assignable to type 'IntrinsicAttributes & IntrinsicClassAttributes<View> & Readonly<ViewProps>'.
      Property 'className' does not exist on type 'IntrinsicAttributes & IntrinsicClassAttributes<View> & Readonly<ViewProps>'.
  Overload 2 of 2, '(props: ViewProps, context: any): View', gave the following error.
    Type '{ children: Element; className: string; }' is not assignable to type 'IntrinsicAttributes & IntrinsicClassAttributes<View> & Readonly<ViewProps>'.
      Property 'className' does not exist on type 'IntrinsicAttributes & IntrinsicClassAttributes<View> & Readonly<ViewProps>'.
src/screens/StudentDashboard.tsx(42,31): error TS2769: No overload matches this call.
  Overload 1 of 2, '(props: TextProps): Text', gave the following error.
    Type '{ children: string; className: string; }' is not assignable to type 'IntrinsicAttributes & IntrinsicClassAttributes<Text> & Readonly<TextProps>'.
      Property 'className' does not exist on type 'IntrinsicAttributes & IntrinsicClassAttributes<Text> & Readonly<TextProps>'.
  Overload 2 of 2, '(props: TextProps, context: any): Text', gave the following error.
    Type '{ children: string; className: string; }' is not assignable to type 'IntrinsicAttributes & IntrinsicClassAttributes<Text> & Readonly<TextProps>'.
      Property 'className' does not exist on type 'IntrinsicAttributes & IntrinsicClassAttributes<Text> & Readonly<TextProps>'.
src/screens/StudentDashboard.tsx(44,27): error TS2769: No overload matches this call.
  Overload 1 of 2, '(props: ViewProps): View', gave the following error.
    Type '{ children: Element; className: string; }' is not assignable to type 'IntrinsicAttributes & IntrinsicClassAttributes<View> & Readonly<ViewProps>'.
      Property 'className' does not exist on type 'IntrinsicAttributes & IntrinsicClassAttributes<View> & Readonly<ViewProps>'.
  Overload 2 of 2, '(props: ViewProps, context: any): View', gave the following error.
    Type '{ children: Element; className: string; }' is not assignable to type 'IntrinsicAttributes & IntrinsicClassAttributes<View> & Readonly<ViewProps>'.
      Property 'className' does not exist on type 'IntrinsicAttributes & IntrinsicClassAttributes<View> & Readonly<ViewProps>'.
src/screens/StudentDashboard.tsx(45,31): error TS2769: No overload matches this call.
  Overload 1 of 2, '(props: TextProps): Text', gave the following error.
    Type '{ children: string; className: string; }' is not assignable to type 'IntrinsicAttributes & IntrinsicClassAttributes<Text> & Readonly<TextProps>'.
      Property 'className' does not exist on type 'IntrinsicAttributes & IntrinsicClassAttributes<Text> & Readonly<TextProps>'.
  Overload 2 of 2, '(props: TextProps, context: any): Text', gave the following error.
    Type '{ children: string; className: string; }' is not assignable to type 'IntrinsicAttributes & IntrinsicClassAttributes<Text> & Readonly<TextProps>'.
      Property 'className' does not exist on type 'IntrinsicAttributes & IntrinsicClassAttributes<Text> & Readonly<TextProps>'.
src/screens/StudentDashboard.tsx(50,23): error TS2769: No overload matches this call.
  Overload 1 of 2, '(props: ViewProps): View', gave the following error.
    Type '{ children: Element[]; className: string; }' is not assignable to type 'IntrinsicAttributes & IntrinsicClassAttributes<View> & Readonly<ViewProps>'.
      Property 'className' does not exist on type 'IntrinsicAttributes & IntrinsicClassAttributes<View> & Readonly<ViewProps>'.
  Overload 2 of 2, '(props: ViewProps, context: any): View', gave the following error.
    Type '{ children: Element[]; className: string; }' is not assignable to type 'IntrinsicAttributes & IntrinsicClassAttributes<View> & Readonly<ViewProps>'.
      Property 'className' does not exist on type 'IntrinsicAttributes & IntrinsicClassAttributes<View> & Readonly<ViewProps>'.
src/screens/StudentDashboard.tsx(51,27): error TS2769: No overload matches this call.
  Overload 1 of 2, '(props: ViewProps): View', gave the following error.
    Type '{ children: Element[]; className: string; }' is not assignable to type 'IntrinsicAttributes & IntrinsicClassAttributes<View> & Readonly<ViewProps>'.
      Property 'className' does not exist on type 'IntrinsicAttributes & IntrinsicClassAttributes<View> & Readonly<ViewProps>'.
  Overload 2 of 2, '(props: ViewProps, context: any): View', gave the following error.
    Type '{ children: Element[]; className: string; }' is not assignable to type 'IntrinsicAttributes & IntrinsicClassAttributes<View> & Readonly<ViewProps>'.
      Property 'className' does not exist on type 'IntrinsicAttributes & IntrinsicClassAttributes<View> & Readonly<ViewProps>'.
src/screens/StudentDashboard.tsx(53,31): error TS2769: No overload matches this call.
  Overload 1 of 2, '(props: TextProps): Text', gave the following error.
    Type '{ children: string; className: string; }' is not assignable to type 'IntrinsicAttributes & IntrinsicClassAttributes<Text> & Readonly<TextProps>'.
      Property 'className' does not exist on type 'IntrinsicAttributes & IntrinsicClassAttributes<Text> & Readonly<TextProps>'.
  Overload 2 of 2, '(props: TextProps, context: any): Text', gave the following error.
    Type '{ children: string; className: string; }' is not assignable to type 'IntrinsicAttributes & IntrinsicClassAttributes<Text> & Readonly<TextProps>'.
      Property 'className' does not exist on type 'IntrinsicAttributes & IntrinsicClassAttributes<Text> & Readonly<TextProps>'.
src/screens/StudentDashboard.tsx(55,27): error TS2769: No overload matches this call.
  Overload 1 of 2, '(props: ViewProps): View', gave the following error.
    Type '{ className: string; }' is not assignable to type 'IntrinsicAttributes & IntrinsicClassAttributes<View> & Readonly<ViewProps>'.
      Property 'className' does not exist on type 'IntrinsicAttributes & IntrinsicClassAttributes<View> & Readonly<ViewProps>'.
  Overload 2 of 2, '(props: ViewProps, context: any): View', gave the following error.
    Type '{ className: string; }' is not assignable to type 'IntrinsicAttributes & IntrinsicClassAttributes<View> & Readonly<ViewProps>'.
      Property 'className' does not exist on type 'IntrinsicAttributes & IntrinsicClassAttributes<View> & Readonly<ViewProps>'.
src/screens/StudentDashboard.tsx(56,27): error TS2769: No overload matches this call.
  Overload 1 of 2, '(props: ViewProps): View', gave the following error.
    Type '{ children: Element[]; className: string; }' is not assignable to type 'IntrinsicAttributes & IntrinsicClassAttributes<View> & Readonly<ViewProps>'.
      Property 'className' does not exist on type 'IntrinsicAttributes & IntrinsicClassAttributes<View> & Readonly<ViewProps>'.
  Overload 2 of 2, '(props: ViewProps, context: any): View', gave the following error.
    Type '{ children: Element[]; className: string; }' is not assignable to type 'IntrinsicAttributes & IntrinsicClassAttributes<View> & Readonly<ViewProps>'.
      Property 'className' does not exist on type 'IntrinsicAttributes & IntrinsicClassAttributes<View> & Readonly<ViewProps>'.
src/screens/StudentDashboard.tsx(58,31): error TS2769: No overload matches this call.
  Overload 1 of 2, '(props: TextProps): Text', gave the following error.
    Type '{ children: string; className: string; }' is not assignable to type 'IntrinsicAttributes & IntrinsicClassAttributes<Text> & Readonly<TextProps>'.
      Property 'className' does not exist on type 'IntrinsicAttributes & IntrinsicClassAttributes<Text> & Readonly<TextProps>'.
  Overload 2 of 2, '(props: TextProps, context: any): Text', gave the following error.
    Type '{ children: string; className: string; }' is not assignable to type 'IntrinsicAttributes & IntrinsicClassAttributes<Text> & Readonly<TextProps>'.
      Property 'className' does not exist on type 'IntrinsicAttributes & IntrinsicClassAttributes<Text> & Readonly<TextProps>'.
src/screens/StudentDashboard.tsx(63,23): error TS2769: No overload matches this call.
  Overload 1 of 2, '(props: ViewProps): View', gave the following error.
    Type '{ children: Element[]; className: string; }' is not assignable to type 'IntrinsicAttributes & IntrinsicClassAttributes<View> & Readonly<ViewProps>'.
      Property 'className' does not exist on type 'IntrinsicAttributes & IntrinsicClassAttributes<View> & Readonly<ViewProps>'.
  Overload 2 of 2, '(props: ViewProps, context: any): View', gave the following error.
    Type '{ children: Element[]; className: string; }' is not assignable to type 'IntrinsicAttributes & IntrinsicClassAttributes<View> & Readonly<ViewProps>'.
      Property 'className' does not exist on type 'IntrinsicAttributes & IntrinsicClassAttributes<View> & Readonly<ViewProps>'.
src/screens/StudentDashboard.tsx(64,27): error TS2769: No overload matches this call.
  Overload 1 of 2, '(props: ViewProps): View', gave the following error.
    Type '{ children: Element; className: string; }' is not assignable to type 'IntrinsicAttributes & IntrinsicClassAttributes<View> & Readonly<ViewProps>'.
      Property 'className' does not exist on type 'IntrinsicAttributes & IntrinsicClassAttributes<View> & Readonly<ViewProps>'.
  Overload 2 of 2, '(props: ViewProps, context: any): View', gave the following error.
    Type '{ children: Element; className: string; }' is not assignable to type 'IntrinsicAttributes & IntrinsicClassAttributes<View> & Readonly<ViewProps>'.
      Property 'className' does not exist on type 'IntrinsicAttributes & IntrinsicClassAttributes<View> & Readonly<ViewProps>'.
src/screens/StudentDashboard.tsx(68,31): error TS2769: No overload matches this call.
  Overload 1 of 2, '(props: TextProps): Text', gave the following error.
    Type '{ children: string; className: string; }' is not assignable to type 'IntrinsicAttributes & IntrinsicClassAttributes<Text> & Readonly<TextProps>'.
      Property 'className' does not exist on type 'IntrinsicAttributes & IntrinsicClassAttributes<Text> & Readonly<TextProps>'.
  Overload 2 of 2, '(props: TextProps, context: any): Text', gave the following error.
    Type '{ children: string; className: string; }' is not assignable to type 'IntrinsicAttributes & IntrinsicClassAttributes<Text> & Readonly<TextProps>'.
      Property 'className' does not exist on type 'IntrinsicAttributes & IntrinsicClassAttributes<Text> & Readonly<TextProps>'.
src/screens/StudentDashboard.tsx(69,31): error TS2769: No overload matches this call.
  Overload 1 of 2, '(props: TextProps): Text', gave the following error.
    Type '{ children: string; className: string; }' is not assignable to type 'IntrinsicAttributes & IntrinsicClassAttributes<Text> & Readonly<TextProps>'.
      Property 'className' does not exist on type 'IntrinsicAttributes & IntrinsicClassAttributes<Text> & Readonly<TextProps>'.
  Overload 2 of 2, '(props: TextProps, context: any): Text', gave the following error.
    Type '{ children: string; className: string; }' is not assignable to type 'IntrinsicAttributes & IntrinsicClassAttributes<Text> & Readonly<TextProps>'.
      Property 'className' does not exist on type 'IntrinsicAttributes & IntrinsicClassAttributes<Text> & Readonly<TextProps>'.
src/screens/StudentDashboard.tsx(75,19): error TS2769: No overload matches this call.
  Overload 1 of 2, '(props: ViewProps): View', gave the following error.
    Type '{ children: Element[]; className: string; }' is not assignable to type 'IntrinsicAttributes & IntrinsicClassAttributes<View> & Readonly<ViewProps>'.
      Property 'className' does not exist on type 'IntrinsicAttributes & IntrinsicClassAttributes<View> & Readonly<ViewProps>'.
  Overload 2 of 2, '(props: ViewProps, context: any): View', gave the following error.
    Type '{ children: Element[]; className: string; }' is not assignable to type 'IntrinsicAttributes & IntrinsicClassAttributes<View> & Readonly<ViewProps>'.
      Property 'className' does not exist on type 'IntrinsicAttributes & IntrinsicClassAttributes<View> & Readonly<ViewProps>'.
src/screens/StudentDashboard.tsx(77,23): error TS2769: No overload matches this call.
  Overload 1 of 2, '(props: ViewProps): View', gave the following error.
    Type '{ children: Element[]; className: string; }' is not assignable to type 'IntrinsicAttributes & IntrinsicClassAttributes<View> & Readonly<ViewProps>'.
      Property 'className' does not exist on type 'IntrinsicAttributes & IntrinsicClassAttributes<View> & Readonly<ViewProps>'.
  Overload 2 of 2, '(props: ViewProps, context: any): View', gave the following error.
    Type '{ children: Element[]; className: string; }' is not assignable to type 'IntrinsicAttributes & IntrinsicClassAttributes<View> & Readonly<ViewProps>'.
      Property 'className' does not exist on type 'IntrinsicAttributes & IntrinsicClassAttributes<View> & Readonly<ViewProps>'.
src/screens/StudentDashboard.tsx(79,31): error TS2769: No overload matches this call.
  Overload 1 of 2, '(props: TextProps): Text', gave the following error.
    Type '{ children: string; className: string; }' is not assignable to type 'IntrinsicAttributes & IntrinsicClassAttributes<Text> & Readonly<TextProps>'.
      Property 'className' does not exist on type 'IntrinsicAttributes & IntrinsicClassAttributes<Text> & Readonly<TextProps>'.
  Overload 2 of 2, '(props: TextProps, context: any): Text', gave the following error.
    Type '{ children: string; className: string; }' is not assignable to type 'IntrinsicAttributes & IntrinsicClassAttributes<Text> & Readonly<TextProps>'.
      Property 'className' does not exist on type 'IntrinsicAttributes & IntrinsicClassAttributes<Text> & Readonly<TextProps>'.
src/screens/StudentDashboard.tsx(80,31): error TS2769: No overload matches this call.
  Overload 1 of 2, '(props: TextProps): Text', gave the following error.
    Type '{ children: string; className: string; }' is not assignable to type 'IntrinsicAttributes & IntrinsicClassAttributes<Text> & Readonly<TextProps>'.
      Property 'className' does not exist on type 'IntrinsicAttributes & IntrinsicClassAttributes<Text> & Readonly<TextProps>'.
  Overload 2 of 2, '(props: TextProps, context: any): Text', gave the following error.
    Type '{ children: string; className: string; }' is not assignable to type 'IntrinsicAttributes & IntrinsicClassAttributes<Text> & Readonly<TextProps>'.
      Property 'className' does not exist on type 'IntrinsicAttributes & IntrinsicClassAttributes<Text> & Readonly<TextProps>'.
src/screens/StudentDashboard.tsx(82,27): error TS2769: No overload matches this call.
  Overload 1 of 2, '(props: ViewProps): View', gave the following error.
    Type '{ children: Element; className: string; }' is not assignable to type 'IntrinsicAttributes & IntrinsicClassAttributes<View> & Readonly<ViewProps>'.
      Property 'className' does not exist on type 'IntrinsicAttributes & IntrinsicClassAttributes<View> & Readonly<ViewProps>'.
  Overload 2 of 2, '(props: ViewProps, context: any): View', gave the following error.
    Type '{ children: Element; className: string; }' is not assignable to type 'IntrinsicAttributes & IntrinsicClassAttributes<View> & Readonly<ViewProps>'.
      Property 'className' does not exist on type 'IntrinsicAttributes & IntrinsicClassAttributes<View> & Readonly<ViewProps>'.
src/screens/StudentDashboard.tsx(87,23): error TS2769: No overload matches this call.
  Overload 1 of 2, '(props: ViewProps): View', gave the following error.
    Type '{ children: Element[]; className: string; }' is not assignable to type 'IntrinsicAttributes & IntrinsicClassAttributes<View> & Readonly<ViewProps>'.
      Property 'className' does not exist on type 'IntrinsicAttributes & IntrinsicClassAttributes<View> & Readonly<ViewProps>'.
  Overload 2 of 2, '(props: ViewProps, context: any): View', gave the following error.
    Type '{ children: Element[]; className: string; }' is not assignable to type 'IntrinsicAttributes & IntrinsicClassAttributes<View> & Readonly<ViewProps>'.
      Property 'className' does not exist on type 'IntrinsicAttributes & IntrinsicClassAttributes<View> & Readonly<ViewProps>'.
src/screens/StudentDashboard.tsx(89,31): error TS2769: No overload matches this call.
  Overload 1 of 2, '(props: TextProps): Text', gave the following error.
    Type '{ children: string; className: string; }' is not assignable to type 'IntrinsicAttributes & IntrinsicClassAttributes<Text> & Readonly<TextProps>'.
      Property 'className' does not exist on type 'IntrinsicAttributes & IntrinsicClassAttributes<Text> & Readonly<TextProps>'.
  Overload 2 of 2, '(props: TextProps, context: any): Text', gave the following error.
    Type '{ children: string; className: string; }' is not assignable to type 'IntrinsicAttributes & IntrinsicClassAttributes<Text> & Readonly<TextProps>'.
      Property 'className' does not exist on type 'IntrinsicAttributes & IntrinsicClassAttributes<Text> & Readonly<TextProps>'.
src/screens/StudentDashboard.tsx(90,31): error TS2769: No overload matches this call.
  Overload 1 of 2, '(props: TextProps): Text', gave the following error.
    Type '{ children: string; className: string; }' is not assignable to type 'IntrinsicAttributes & IntrinsicClassAttributes<Text> & Readonly<TextProps>'.
      Property 'className' does not exist on type 'IntrinsicAttributes & IntrinsicClassAttributes<Text> & Readonly<TextProps>'.
  Overload 2 of 2, '(props: TextProps, context: any): Text', gave the following error.
    Type '{ children: string; className: string; }' is not assignable to type 'IntrinsicAttributes & IntrinsicClassAttributes<Text> & Readonly<TextProps>'.
      Property 'className' does not exist on type 'IntrinsicAttributes & IntrinsicClassAttributes<Text> & Readonly<TextProps>'.
src/screens/StudentDashboard.tsx(92,27): error TS2769: No overload matches this call.
  Overload 1 of 2, '(props: ViewProps): View', gave the following error.
    Type '{ children: Element; className: string; }' is not assignable to type 'IntrinsicAttributes & IntrinsicClassAttributes<View> & Readonly<ViewProps>'.
      Property 'className' does not exist on type 'IntrinsicAttributes & IntrinsicClassAttributes<View> & Readonly<ViewProps>'.
  Overload 2 of 2, '(props: ViewProps, context: any): View', gave the following error.
    Type '{ children: Element; className: string; }' is not assignable to type 'IntrinsicAttributes & IntrinsicClassAttributes<View> & Readonly<ViewProps>'.
      Property 'className' does not exist on type 'IntrinsicAttributes & IntrinsicClassAttributes<View> & Readonly<ViewProps>'.
src/screens/StudentDashboard.tsx(97,23): error TS2769: No overload matches this call.
  Overload 1 of 2, '(props: ViewProps): View', gave the following error.
    Type '{ children: Element[]; className: string; }' is not assignable to type 'IntrinsicAttributes & IntrinsicClassAttributes<View> & Readonly<ViewProps>'.
      Property 'className' does not exist on type 'IntrinsicAttributes & IntrinsicClassAttributes<View> & Readonly<ViewProps>'.
  Overload 2 of 2, '(props: ViewProps, context: any): View', gave the following error.
    Type '{ children: Element[]; className: string; }' is not assignable to type 'IntrinsicAttributes & IntrinsicClassAttributes<View> & Readonly<ViewProps>'.
      Property 'className' does not exist on type 'IntrinsicAttributes & IntrinsicClassAttributes<View> & Readonly<ViewProps>'.
src/screens/StudentDashboard.tsx(99,31): error TS2769: No overload matches this call.
  Overload 1 of 2, '(props: TextProps): Text', gave the following error.
    Type '{ children: string; className: string; }' is not assignable to type 'IntrinsicAttributes & IntrinsicClassAttributes<Text> & Readonly<TextProps>'.
      Property 'className' does not exist on type 'IntrinsicAttributes & IntrinsicClassAttributes<Text> & Readonly<TextProps>'.
  Overload 2 of 2, '(props: TextProps, context: any): Text', gave the following error.
    Type '{ children: string; className: string; }' is not assignable to type 'IntrinsicAttributes & IntrinsicClassAttributes<Text> & Readonly<TextProps>'.
      Property 'className' does not exist on type 'IntrinsicAttributes & IntrinsicClassAttributes<Text> & Readonly<TextProps>'.
src/screens/StudentDashboard.tsx(100,31): error TS2769: No overload matches this call.
  Overload 1 of 2, '(props: TextProps): Text', gave the following error.
    Type '{ children: string; className: string; }' is not assignable to type 'IntrinsicAttributes & IntrinsicClassAttributes<Text> & Readonly<TextProps>'.
      Property 'className' does not exist on type 'IntrinsicAttributes & IntrinsicClassAttributes<Text> & Readonly<TextProps>'.
  Overload 2 of 2, '(props: TextProps, context: any): Text', gave the following error.
    Type '{ children: string; className: string; }' is not assignable to type 'IntrinsicAttributes & IntrinsicClassAttributes<Text> & Readonly<TextProps>'.
      Property 'className' does not exist on type 'IntrinsicAttributes & IntrinsicClassAttributes<Text> & Readonly<TextProps>'.
src/screens/StudentDashboard.tsx(102,27): error TS2769: No overload matches this call.
  Overload 1 of 2, '(props: ViewProps): View', gave the following error.
    Type '{ children: Element; className: string; }' is not assignable to type 'IntrinsicAttributes & IntrinsicClassAttributes<View> & Readonly<ViewProps>'.
      Property 'className' does not exist on type 'IntrinsicAttributes & IntrinsicClassAttributes<View> & Readonly<ViewProps>'.
  Overload 2 of 2, '(props: ViewProps, context: any): View', gave the following error.
    Type '{ children: Element; className: string; }' is not assignable to type 'IntrinsicAttributes & IntrinsicClassAttributes<View> & Readonly<ViewProps>'.
      Property 'className' does not exist on type 'IntrinsicAttributes & IntrinsicClassAttributes<View> & Readonly<ViewProps>'.
src/screens/StudentDashboard.tsx(107,23): error TS2769: No overload matches this call.
  Overload 1 of 2, '(props: ViewProps): View', gave the following error.
    Type '{ children: Element[]; className: string; }' is not assignable to type 'IntrinsicAttributes & IntrinsicClassAttributes<View> & Readonly<ViewProps>'.
      Property 'className' does not exist on type 'IntrinsicAttributes & IntrinsicClassAttributes<View> & Readonly<ViewProps>'.
  Overload 2 of 2, '(props: ViewProps, context: any): View', gave the following error.
    Type '{ children: Element[]; className: string; }' is not assignable to type 'IntrinsicAttributes & IntrinsicClassAttributes<View> & Readonly<ViewProps>'.
      Property 'className' does not exist on type 'IntrinsicAttributes & IntrinsicClassAttributes<View> & Readonly<ViewProps>'.
src/screens/StudentDashboard.tsx(109,31): error TS2769: No overload matches this call.
  Overload 1 of 2, '(props: TextProps): Text', gave the following error.
    Type '{ children: string; className: string; }' is not assignable to type 'IntrinsicAttributes & IntrinsicClassAttributes<Text> & Readonly<TextProps>'.
      Property 'className' does not exist on type 'IntrinsicAttributes & IntrinsicClassAttributes<Text> & Readonly<TextProps>'.
  Overload 2 of 2, '(props: TextProps, context: any): Text', gave the following error.
    Type '{ children: string; className: string; }' is not assignable to type 'IntrinsicAttributes & IntrinsicClassAttributes<Text> & Readonly<TextProps>'.
      Property 'className' does not exist on type 'IntrinsicAttributes & IntrinsicClassAttributes<Text> & Readonly<TextProps>'.
src/screens/StudentDashboard.tsx(110,31): error TS2769: No overload matches this call.
  Overload 1 of 2, '(props: TextProps): Text', gave the following error.
    Type '{ children: string; className: string; }' is not assignable to type 'IntrinsicAttributes & IntrinsicClassAttributes<Text> & Readonly<TextProps>'.
      Property 'className' does not exist on type 'IntrinsicAttributes & IntrinsicClassAttributes<Text> & Readonly<TextProps>'.
  Overload 2 of 2, '(props: TextProps, context: any): Text', gave the following error.
    Type '{ children: string; className: string; }' is not assignable to type 'IntrinsicAttributes & IntrinsicClassAttributes<Text> & Readonly<TextProps>'.
      Property 'className' does not exist on type 'IntrinsicAttributes & IntrinsicClassAttributes<Text> & Readonly<TextProps>'.
src/screens/StudentDashboard.tsx(112,27): error TS2769: No overload matches this call.
  Overload 1 of 2, '(props: ViewProps): View', gave the following error.
    Type '{ children: Element; className: string; }' is not assignable to type 'IntrinsicAttributes & IntrinsicClassAttributes<View> & Readonly<ViewProps>'.
      Property 'className' does not exist on type 'IntrinsicAttributes & IntrinsicClassAttributes<View> & Readonly<ViewProps>'.
  Overload 2 of 2, '(props: ViewProps, context: any): View', gave the following error.
    Type '{ children: Element; className: string; }' is not assignable to type 'IntrinsicAttributes & IntrinsicClassAttributes<View> & Readonly<ViewProps>'.
      Property 'className' does not exist on type 'IntrinsicAttributes & IntrinsicClassAttributes<View> & Readonly<ViewProps>'.
